// Jest Snapshot v1, https://goo.gl/fbAQLP

exports[`AccountsPage matches snapshot 1`] = `
<DocumentFragment>
  <div
    class="mainPage"
  >
    <div
      class="flex items-center justify-center h-full w-full"
    >
      <div
        class="flex flex-col items-center justify-center bg-BudgieGray hover:bg-black hover:bg-opacity-5 h-80 w-80 border-dashed border-2 border-gray-400 border-opacity-40 hover:border-opacity-100 cursor-pointer  rounded-3xl"
      >
        <span
          class="text-2xl text-gray-400 text-opacity-60"
        >
          No Accounts Added Yet
        </span>
        <span
          class="mt-5 text-xl text-gray-400 text-opacity-60"
        >
          Add an Account
        </span>
        <span
          class="mt-2 text-opacity-50 text-gray-400 material-symbols-outlined"
          style="font-size: 3rem;"
        >
          add
        </span>
      </div>
    </div>
  </div>
</DocumentFragment>
`;
